2026-07-05 15:07:48 [INFO] Log file: C:\Users\jood1\Documents\curated_final\logs\caption_20260705_150748.log
2026-07-05 15:07:48 [INFO] Input: C:\Users\jood1\Documents\curated_final
2026-07-05 15:07:48 [INFO] Output: C:\Users\jood1\Documents\curated_final
2026-07-05 15:07:48 [INFO] Model backend: florence-2 (model id: microsoft/Florence-2-base)
2026-07-05 15:07:48 [INFO] Device: cpu
2026-07-05 15:07:48 [INFO] Trigger word: 'stc brand style'
2026-07-05 15:07:48 [INFO] Loading captioning model (this can take a minute)...
2026-07-05 15:14:56 [INFO] Found 600 images to caption
2026-07-05 15:16:40 [INFO] Captioned 25/600 images...
2026-07-05 15:18:27 [INFO] Captioned 50/600 images...
2026-07-05 15:20:21 [INFO] Captioned 75/600 images...
2026-07-05 15:22:13 [INFO] Captioned 100/600 images...
2026-07-05 15:24:06 [INFO] Captioned 125/600 images...
2026-07-05 15:26:00 [INFO] Captioned 150/600 images...
2026-07-05 15:27:50 [INFO] Captioned 175/600 images...
2026-07-05 15:29:36 [INFO] Captioned 200/600 images...
2026-07-05 15:31:24 [INFO] Captioned 225/600 images...
2026-07-05 15:33:10 [INFO] Captioned 250/600 images...
2026-07-05 15:34:55 [INFO] Captioned 275/600 images...
2026-07-05 15:36:47 [INFO] Captioned 300/600 images...
2026-07-05 15:38:34 [INFO] Captioned 325/600 images...
2026-07-05 15:40:17 [INFO] Captioned 350/600 images...
2026-07-05 15:42:00 [INFO] Captioned 375/600 images...
2026-07-05 15:43:50 [INFO] Captioned 400/600 images...
2026-07-05 15:45:42 [INFO] Captioned 425/600 images...
2026-07-05 15:47:35 [INFO] Captioned 450/600 images...
2026-07-05 15:49:29 [INFO] Captioned 475/600 images...
2026-07-05 15:51:29 [INFO] Captioned 500/600 images...
2026-07-05 15:53:30 [INFO] Captioned 525/600 images...
2026-07-05 15:55:25 [INFO] Captioned 550/600 images...
2026-07-05 15:58:40 [INFO] Captioned 575/600 images...
2026-07-05 16:02:29 [INFO] Captioned 600/600 images...
2026-07-05 16:02:29 [INFO] ============================================================
2026-07-05 16:02:29 [INFO] Done.
2026-07-05 16:02:29 [INFO] Images found: 600
2026-07-05 16:02:29 [INFO] Captions written: 600
2026-07-05 16:02:29 [INFO] Skipped (already had a caption): 0
2026-07-05 16:02:29 [INFO] Errors: 0
